// Jest Snapshot v1, https://goo.gl/fbAQLP

exports[`<LoginButton /> renders correctly 1`] = `
<button
  class="base-button login-button"
>
  
  Log In

</button>
`;
