// Jest Snapshot v1, https://goo.gl/fbAQLP

exports[`<SearchBar /> renders correctly 1`] = `
<div
  class="search-bar"
>
  <input
    data-testid="search-input"
    name="search"
    placeholder="search..."
  />
   
  <button
    data-testid="search-button"
    type="submit"
  >
    <svg-icon-stub
      name="search"
    />
  </button>
</div>
`;
