// Jest Snapshot v1, https://goo.gl/fbAQLP

exports[`<ProfileHeader /> renders correctly 1`] = `
<div
  class="
    flex flex-row
    text-base text-black
    py-3
    border border-0 border-b-2 border-gray-200
  "
>
  <div
    class="flex flex-col gap-x-5 mr-5 md:flex-row"
  >
    <p>
      123th
    </p>
     
    <p>
      JohnSmithRuns
    </p>
  </div>
   
  <div
    class="
      flex flex-col
      text-right
      md:text-center md:flex-row
      gap-x-5
      flex-grow
    "
  >
    <p
      class="md:flex-grow"
    >
      01:23:45
    </p>
     
    <div
      class="hidden md:flex flex-row md:flex-grow"
    >
      <p>
        PC
      </p>
    </div>
     
    <div
      class="
        flex flex-row
        opacity-75
        gap-x-5
        md:opacity-100
        justify-end
        items-center
      "
    >
      <p>
        1 year ago
      </p>
       
      <svg
        fill="none"
        height="12"
        viewBox="0 0 18 12"
        width="18"
        xmlns="http://www.w3.org/2000/svg"
      >
        <path
          d="M14 4.5V1C14 0.45 13.55 0 13 0H1C0.45 0 0 0.45 0 1V11C0 11.55 0.45 12 1 12H13C13.55 12 14 11.55 14 11V7.5L16.29 9.79C16.92 10.42 18 9.97 18 9.08V2.91C18 2.02 16.92 1.57 16.29 2.2L14 4.5Z"
          fill="black"
          fill-opacity="0.71"
        />
      </svg>
    </div>
  </div>
</div>
`;
