// Jest Snapshot v1, https://goo.gl/fbAQLP

exports[`<NavLink /> renders correctly 1`] = `
<a
  class="custom-link"
  href="/games"
  to="/games"
>
  Games
</a>
`;
