// Jest Snapshot v1, https://goo.gl/fbAQLP

exports[`<ProfileHeader /> renders correctly 1`] = `
<div
  class="user-badges--container"
/>
`;
