// Jest Snapshot v1, https://goo.gl/fbAQLP

exports[`<LogInCard /> renders correctly 1`] = `
<div
  class="card login-card"
  data-testid="login-card"
  id="loginCard"
>
  <div
    class="card-header login-card__header"
  >
    <div
      class="login-card__title"
    >
      Log In
    </div>
     
    <button
      class="button login-card__sign-up-button"
      id="sign-up-button"
    >
      
      Sign Up
    
    </button>
     
    <button
      class="button close-button"
      style="display: none;"
    >
      <svg-icon-stub
        class="w-5 h-5"
        name="close"
      />
    </button>
  </div>
   
  <div
    class="card-body"
  >
    <div
      class="login-card__body-wrapper"
    >
      <input
        autocomplete="email"
        class="input"
        name="email"
        placeholder="Email"
        type="text"
      />
       
      <div
        class="login-card__input-wrapper"
      >
        <input
          autocomplete="password"
          class="input login-card__password-field"
          name="password"
          placeholder="Password"
          type="password"
        />
         
        <div
          class="login-card__button-wrapper"
        >
          <button
            class="button button"
            data-testid="hide-show-password-button"
            id="hide-show-button"
            type="button"
          >
            <svg-icon-stub
              class="w-5 h-5"
              data-testid="hidden-eye-icon"
              name="eye-hidden"
            />
             
            <svg-icon-stub
              class="w-5 h-5"
              data-testid="visible-eye-icon"
              name="eye-visible"
              style="display: none;"
            />
          </button>
        </div>
      </div>
       
      <button
        class="button login-button"
      >
         Log In 
      </button>
    </div>
     
    <div
      class="login-card__auth-buttons"
    >
      <button
        class="button login-button"
      >
        <svg-icon-stub
          class="mr-2 w-5 h-5"
          name="github"
        />
         
        <p>
          Log In with Github
        </p>
      </button>
       
      <button
        class="button login-button"
      >
        <svg-icon-stub
          class="mr-2 w-5 h-5"
          name="google"
        />
         
        <p>
          Log In with Google
        </p>
      </button>
    </div>
  </div>
</div>
`;
