// Jest Snapshot v1, https://goo.gl/fbAQLP

exports[`<FollowButton /> renders correctly 1`] = `
<button
  class="follow-button"
>
  
  Follow

</button>
`;
