// Jest Snapshot v1, https://goo.gl/fbAQLP

exports[`<SiteNavbar /> renders correctly 1`] = `
<div
  class="border-b border-gray-300"
>
  <div
    class="
      container
      relative
      flex flex-wrap
      lg:flex-row
      justify-between
      mx-auto
      px-3
      py-3
    "
  >
    <div
      class="flex flex-grow"
    >
      <a
        class="flex"
        href="/"
      >
        <svg
          class="h-10 w-10 mx-1"
          fill="none"
          stroke="currentColor"
          viewBox="0 0 24 24"
          xmlns="http://www.w3.org/2000/svg"
        >
          <path
            d="M12 8v4l3 3m6-3a9 9 0 11-18 0 9 9 0 0118 0z"
            stroke-linecap="round"
            stroke-linejoin="round"
            stroke-width="2"
          />
        </svg>
         
        <h1
          class="
            w-full
            py-2
            text-lg text-center
            md:text-left
            font-semibold
            leading-6
            tracking-tight
            hidden
            md:inline
          "
        >
          
          leaderboards.gg
        
        </h1>
      </a>
    </div>
     
    <div
      class="
        lg:flex
        border-t border-gray-300
        lg:border-t-0
        flex-col
        lg:flex-row
        mt-2
        lg:mt-0
        w-full
        lg:w-auto
        space-y-2
        lg:space-y-0
       hidden"
    >
      <nav
        class="nav-link-container"
      >
        <a
          class="button-link nav-link"
          href="#"
          name="Games"
          to="#"
        >
          
    Games
  
        </a>
        <a
          class="button-link nav-link"
          href="#"
          name="About"
          to="#"
        >
          
    About
  
        </a>
      </nav>
       
      <div
        class="search-bar"
      >
        <input
          data-testid="search-input"
          name="search"
          placeholder="search..."
        />
         
        <button
          data-testid="search-button"
          type="submit"
        >
          <svg
            fill="none"
            stroke="currentColor"
            viewBox="0 0 24 24"
            xmlns="http://www.w3.org/2000/svg"
          >
            <path
              d="M21 21l-6-6m2-5a7 7 0 11-14 0 7 7 0 0114 0z"
              stroke-linecap="round"
              stroke-linejoin="round"
              stroke-width="2"
            />
          </svg>
        </button>
      </div>
    </div>
     
    <div
      class="
        flex flex-row
        items-center
        absolute
        right-2
        top-4
        lg:relative lg:right-0 lg:top-0
        space-x-2
        lg:space-x-0
      "
    >
      <button
        class="base-button login-button"
        data-testid="site-navbar-login-button"
      >
        
  Log In

      </button>
       
      <button
        class="base-button sign-up-button"
        data-testid="site-navbar-sign-up-button"
      >
        
  Sign Up

      </button>
       
      <button
        class="items-center rounded text-black lg:hidden"
      >
        <svg
          class="fill-current h-5 w-5 mx-2"
          viewBox="0 0 20 20"
          xmlns="http://www.w3.org/2000/svg"
        >
          <title>
            Menu
          </title>
           
          <path
            d="M0 3h20v2H0V3zm0 6h20v2H0V9zm0 6h20v2H0v-2z"
          />
        </svg>
      </button>
    </div>
  </div>
   
  <transition-stub
    enteractiveclass="transition-opacity duration-200"
    enterclass="opacity-0"
    entertoclass="opacity-100"
    leaveactiveclass="transition-opacity duration-200"
    leaveclass="opacity-100"
    leavetoclass="opacity-0"
  >
    <div
      class="modal-wrapper"
      style="display: none;"
    >
      <div
        class="modal-container"
      >
        <div
          class="modal-fade"
        />
         
        <div
          class="modal-content"
        >
          <div
            class="card bg-white w-full max-w-xl shadow-xl"
            data-testid="login-card"
            id="loginCard"
            style="display: none;"
          >
            <div
              class="card-header flex flex-row space-x-3"
            >
              <div
                class="
        flex flex-1
        justify-center
        px-3
        py-2
        rounded
        bg-gray-100
        text-gray-900
      "
              >
                
      Log In
    
              </div>
               
              <button
                class="base-button 
        flex flex-1
        justify-center
        bg-white
        text-gray-900
        border border-gray-300
      "
                id="sign-up-button"
              >
                
      Sign Up
    
              </button>
               
              <button
                class="base-button close-button"
              >
                <svg
                  class="h-5 w-5"
                  fill="currentColor"
                  viewBox="0 0 20 20"
                  xmlns="http://www.w3.org/2000/svg"
                >
                  <path
                    clip-rule="evenodd"
                    d="M4.293 4.293a1 1 0 011.414 0L10 8.586l4.293-4.293a1 1 0 111.414 1.414L11.414 10l4.293 4.293a1 1 0 01-1.414 1.414L10 11.414l-4.293 4.293a1 1 0 01-1.414-1.414L8.586 10 4.293 5.707a1 1 0 010-1.414z"
                    fill-rule="evenodd"
                  />
                </svg>
              </button>
            </div>
             
            <div
              class="card-body"
            >
              <div
                class="flex flex-col space-y-3 pb-3 mb-3 border-b border-gray-300"
              >
                <input
                  autocomplete="email"
                  class="input bg-white"
                  name="email"
                  placeholder="Email"
                  type="text"
                />
                 
                <div
                  class="relative flex flex-col w-full"
                >
                  <input
                    autocomplete="password"
                    class="input bg-white pr-12"
                    name="password"
                    placeholder="Password"
                    type="password"
                  />
                   
                  <div
                    class="absolute top-0 right-0 flex items-center h-full"
                  >
                    <button
                      class="base-button hidden sm:inline bg-white p-1 mr-2 rounded fill-current"
                      data-testid="hide-show-password-button"
                      id="hide-show-button"
                      type="button"
                    >
                      <svg
                        class="h-5 w-5"
                        data-testid="hidden-eye-icon"
                        fill="currentColor"
                        viewBox="0 0 20 20"
                        xmlns="http://www.w3.org/2000/svg"
                      >
                        <path
                          clip-rule="evenodd"
                          d="M3.707 2.293a1 1 0 00-1.414 1.414l14 14a1 1 0 001.414-1.414l-1.473-1.473A10.014 10.014 0 0019.542 10C18.268 5.943 14.478 3 10 3a9.958 9.958 0 00-4.512 1.074l-1.78-1.781zm4.261 4.26l1.514 1.515a2.003 2.003 0 012.45 2.45l1.514 1.514a4 4 0 00-5.478-5.478z"
                          fill-rule="evenodd"
                        />
                         
                        <path
                          d="M12.454 16.697L9.75 13.992a4 4 0 01-3.742-3.741L2.335 6.578A9.98 9.98 0 00.458 10c1.274 4.057 5.065 7 9.542 7 .847 0 1.669-.105 2.454-.303z"
                        />
                      </svg>
                       
                      <svg
                        class="h-5 w-5"
                        data-testid="visible-eye-icon"
                        fill="currentColor"
                        style="display: none;"
                        viewBox="0 0 20 20"
                        xmlns="http://www.w3.org/2000/svg"
                      >
                        <path
                          d="M10 12a2 2 0 100-4 2 2 0 000 4z"
                        />
                         
                        <path
                          clip-rule="evenodd"
                          d="M.458 10C1.732 5.943 5.522 3 10 3s8.268 2.943 9.542 7c-1.274 4.057-5.064 7-9.542 7S1.732 14.057.458 10zM14 10a4 4 0 11-8 0 4 4 0 018 0z"
                          fill-rule="evenodd"
                        />
                      </svg>
                    </button>
                  </div>
                </div>
                 
                <button
                  class="base-button login-button"
                  to="#"
                >
                  Log In
                </button>
              </div>
               
              <div
                class="flex flex-col w-full space-y-2"
              >
                <button
                  class="base-button login-button"
                >
                  <svg
                    class="w-5 h-5 mr-2"
                    viewBox="0 0 480 512"
                    xmlns="http://www.w3.org/2000/svg"
                  >
                    <path
                      d="M186.1 328.7c0 20.9-10.9 55.1-36.7 55.1s-36.7-34.2-36.7-55.1 10.9-55.1 36.7-55.1 36.7 34.2 36.7 55.1zM480 278.2c0 31.9-3.2 65.7-17.5 95-37.9 76.6-142.1 74.8-216.7 74.8-75.8 0-186.2 2.7-225.6-74.8-14.6-29-20.2-63.1-20.2-95 0-41.9 13.9-81.5 41.5-113.6-5.2-15.8-7.7-32.4-7.7-48.8 0-21.5 4.9-32.3 14.6-51.8 45.3 0 74.3 9 108.8 36 29-6.9 58.8-10 88.7-10 27 0 54.2 2.9 80.4 9.2 34-26.7 63-35.2 107.8-35.2 9.8 19.5 14.6 30.3 14.6 51.8 0 16.4-2.6 32.7-7.7 48.2 27.5 32.4 39 72.3 39 114.2zm-64.3 50.5c0-43.9-26.7-82.6-73.5-82.6-18.9 0-37 3.4-56 6-14.9 2.3-29.8 3.2-45.1 3.2-15.2 0-30.1-.9-45.1-3.2-18.7-2.6-37-6-56-6-46.8 0-73.5 38.7-73.5 82.6 0 87.8 80.4 101.3 150.4 101.3h48.2c70.3 0 150.6-13.4 150.6-101.3zm-82.6-55.1c-25.8 0-36.7 34.2-36.7 55.1s10.9 55.1 36.7 55.1 36.7-34.2 36.7-55.1-10.9-55.1-36.7-55.1z"
                      fill="currentColor"
                    />
                  </svg>
                   
                  <p>
                    Log In with Github
                  </p>
                </button>
                 
                <button
                  class="base-button login-button"
                >
                  <svg
                    class="w-5 h-5 mr-2"
                    viewBox="0 0 488 512"
                    xmlns="http://www.w3.org/2000/svg"
                  >
                    <path
                      d="M488 261.8C488 403.3 391.1 504 248 504 110.8 504 0 393.2 0 256S110.8 8 248 8c66.8 0 123 24.5 166.3 64.9l-67.5 64.9C258.5 52.6 94.3 116.6 94.3 256c0 86.5 69.1 156.6 153.7 156.6 98.2 0 135-70.4 140.8-106.9H248v-85.3h236.1c2.3 12.7 3.9 24.9 3.9 41.4z"
                      fill="currentColor"
                    />
                  </svg>
                   
                  <p>
                    Log In with Google
                  </p>
                </button>
              </div>
            </div>
          </div>
           
          <div
            class="card bg-white w-full max-w-xl shadow-xl"
            data-testid="sign-up-card"
            id="signUpCard"
          >
            <div
              class="card-header flex flex-row space-x-3"
            >
              <button
                class="base-button 
        flex flex-1
        justify-center
        bg-white
        text-gray-900
        border border-gray-300
      "
                id="login-button"
              >
                
      Log In
    
              </button>
               
              <div
                class="
        flex flex-1
        justify-center
        px-3
        py-2
        rounded
        bg-gray-100
        text-gray-900
      "
              >
                
      Sign Up
    
              </div>
               
              <button
                class="base-button close-button"
              >
                <svg
                  class="h-5 w-5"
                  fill="currentColor"
                  viewBox="0 0 20 20"
                  xmlns="http://www.w3.org/2000/svg"
                >
                  <path
                    clip-rule="evenodd"
                    d="M4.293 4.293a1 1 0 011.414 0L10 8.586l4.293-4.293a1 1 0 111.414 1.414L11.414 10l4.293 4.293a1 1 0 01-1.414 1.414L10 11.414l-4.293 4.293a1 1 0 01-1.414-1.414L8.586 10 4.293 5.707a1 1 0 010-1.414z"
                    fill-rule="evenodd"
                  />
                </svg>
              </button>
            </div>
             
            <div
              class="p-3"
            >
              <div
                class="flex flex-col space-y-3 pb-3 mb-3 border-b border-gray-300"
              >
                <input
                  autocomplete="email"
                  class="input"
                  name="email"
                  placeholder="Email"
                  type="text"
                />
                 
                <div
                  class="flex flex-1 flex-col space-y-1"
                >
                  <input
                    autocomplete="nickname"
                    class="input"
                    name="username"
                    placeholder="Username"
                    type="text"
                  />
                   
                  <p
                    class="text-sm"
                  >
                    This can be changed later
                  </p>
                </div>
                 
                <div
                  class="flex flex-1 flex-col space-y-1"
                >
                  <div
                    class="
            flex flex-1 flex-col
            sm:flex-row
            space-y-3
            sm:space-y-0 sm:space-x-2
          "
                  >
                    <input
                      autocomplete="password"
                      class="input flex-grow"
                      name="password"
                      placeholder="Password"
                      type="password"
                    />
                     
                    <input
                      autocomplete="password"
                      class="input flex-grow"
                      name="confirmPassword"
                      placeholder="Confirm"
                      type="password"
                    />
                     
                    <button
                      class="base-button hidden sm:inline bg-white"
                      data-testid="hide-show-password-button"
                      id="hide-show-password"
                      type="button"
                    >
                      <svg
                        class="h-5 w-5"
                        data-testid="hidden-eye-icon"
                        fill="currentColor"
                        viewBox="0 0 20 20"
                        xmlns="http://www.w3.org/2000/svg"
                      >
                        <path
                          clip-rule="evenodd"
                          d="M3.707 2.293a1 1 0 00-1.414 1.414l14 14a1 1 0 001.414-1.414l-1.473-1.473A10.014 10.014 0 0019.542 10C18.268 5.943 14.478 3 10 3a9.958 9.958 0 00-4.512 1.074l-1.78-1.781zm4.261 4.26l1.514 1.515a2.003 2.003 0 012.45 2.45l1.514 1.514a4 4 0 00-5.478-5.478z"
                          fill-rule="evenodd"
                        />
                         
                        <path
                          d="M12.454 16.697L9.75 13.992a4 4 0 01-3.742-3.741L2.335 6.578A9.98 9.98 0 00.458 10c1.274 4.057 5.065 7 9.542 7 .847 0 1.669-.105 2.454-.303z"
                        />
                      </svg>
                       
                      <svg
                        class="h-5 w-5"
                        data-testid="visible-eye-icon"
                        fill="currentColor"
                        style="display: none;"
                        viewBox="0 0 20 20"
                        xmlns="http://www.w3.org/2000/svg"
                      >
                        <path
                          d="M10 12a2 2 0 100-4 2 2 0 000 4z"
                        />
                         
                        <path
                          clip-rule="evenodd"
                          d="M.458 10C1.732 5.943 5.522 3 10 3s8.268 2.943 9.542 7c-1.274 4.057-5.064 7-9.542 7S1.732 14.057.458 10zM14 10a4 4 0 11-8 0 4 4 0 018 0z"
                          fill-rule="evenodd"
                        />
                      </svg>
                    </button>
                  </div>
                   
                  <p
                    class="text-sm"
                  >
                    
          * Must be 8 characters with a mix of letters and numbers
        
                  </p>
                </div>
                 
                <button
                  class="base-button signup-button"
                >
                   Sign Up 
                </button>
              </div>
               
              <div
                class="flex flex-col w-full space-y-2"
              >
                <button
                  class="base-button signup-button"
                >
                  <svg
                    class="w-5 h-5 mr-2"
                    viewBox="0 0 480 512"
                    xmlns="http://www.w3.org/2000/svg"
                  >
                    <path
                      d="M186.1 328.7c0 20.9-10.9 55.1-36.7 55.1s-36.7-34.2-36.7-55.1 10.9-55.1 36.7-55.1 36.7 34.2 36.7 55.1zM480 278.2c0 31.9-3.2 65.7-17.5 95-37.9 76.6-142.1 74.8-216.7 74.8-75.8 0-186.2 2.7-225.6-74.8-14.6-29-20.2-63.1-20.2-95 0-41.9 13.9-81.5 41.5-113.6-5.2-15.8-7.7-32.4-7.7-48.8 0-21.5 4.9-32.3 14.6-51.8 45.3 0 74.3 9 108.8 36 29-6.9 58.8-10 88.7-10 27 0 54.2 2.9 80.4 9.2 34-26.7 63-35.2 107.8-35.2 9.8 19.5 14.6 30.3 14.6 51.8 0 16.4-2.6 32.7-7.7 48.2 27.5 32.4 39 72.3 39 114.2zm-64.3 50.5c0-43.9-26.7-82.6-73.5-82.6-18.9 0-37 3.4-56 6-14.9 2.3-29.8 3.2-45.1 3.2-15.2 0-30.1-.9-45.1-3.2-18.7-2.6-37-6-56-6-46.8 0-73.5 38.7-73.5 82.6 0 87.8 80.4 101.3 150.4 101.3h48.2c70.3 0 150.6-13.4 150.6-101.3zm-82.6-55.1c-25.8 0-36.7 34.2-36.7 55.1s10.9 55.1 36.7 55.1 36.7-34.2 36.7-55.1-10.9-55.1-36.7-55.1z"
                      fill="currentColor"
                    />
                  </svg>
                   
                  <p>
                    Sign Up with Github
                  </p>
                </button>
                 
                <button
                  class="base-button signup-button"
                >
                  <svg
                    class="w-5 h-5 mr-2"
                    viewBox="0 0 488 512"
                    xmlns="http://www.w3.org/2000/svg"
                  >
                    <path
                      d="M488 261.8C488 403.3 391.1 504 248 504 110.8 504 0 393.2 0 256S110.8 8 248 8c66.8 0 123 24.5 166.3 64.9l-67.5 64.9C258.5 52.6 94.3 116.6 94.3 256c0 86.5 69.1 156.6 153.7 156.6 98.2 0 135-70.4 140.8-106.9H248v-85.3h236.1c2.3 12.7 3.9 24.9 3.9 41.4z"
                      fill="currentColor"
                    />
                  </svg>
                   
                  <p>
                    Sign Up with Google
                  </p>
                </button>
              </div>
            </div>
          </div>
        </div>
      </div>
    </div>
  </transition-stub>
</div>
`;
